5 * (6 + 7) = 65
(5 * 6) + 7 = 37
5 * 6 + 7 = 37
string specifiers
ok