Error: File "tests/t04.in": Parser.MenhirBasics.Error.