Error: File "tests/t05.in": Invalid first argument for printf: 2 + 3 = 4 + 1.