0 steps
1 steps
2 steps
3 steps
4 steps
5th and final step