1 iteration (no breaks yet)
2 iteration (no breaks yet)
3 iteration (no breaks yet)
4 iteration (no breaks yet)
