1^2 + 2^2 + 3^2 + 27^2 = 743
1^2 + 6^2 + 9^2 + 25^2 = 743
2^2 + 3^2 + 17^2 + 21^2 = 743
2^2 + 15^2 + 15^2 + 17^2 = 743
3^2 + 3^2 + 7^2 + 26^2 = 743
3^2 + 3^2 + 10^2 + 25^2 = 743
3^2 + 3^2 + 14^2 + 23^2 = 743
3^2 + 5^2 + 15^2 + 22^2 = 743
3^2 + 6^2 + 13^2 + 23^2 = 743
3^2 + 7^2 + 18^2 + 19^2 = 743
3^2 + 9^2 + 13^2 + 22^2 = 743
3^2 + 11^2 + 17^2 + 18^2 = 743
5^2 + 9^2 + 14^2 + 21^2 = 743
5^2 + 13^2 + 15^2 + 18^2 = 743
6^2 + 11^2 + 15^2 + 19^2 = 743
7^2 + 9^2 + 17^2 + 18^2 = 743
9^2 + 10^2 + 11^2 + 21^2 = 743
9^2 + 13^2 + 13^2 + 18^2 = 743
