Error: File "tests/t12.in": Invalid return type specified in the function fibonacci: "unit", expected "int" in "return c".