Error: File "tests/t13.in": Invalid return type specified in the function func: "string", expected "int" in "return "invalid return type"".