Error: File "tests/t15.in": Cannot redefine the parameter "n".