Modular inverse of 1 (mod 37): 1
Modular inverse of 2 (mod 37): 19
Modular inverse of 3 (mod 37): 25
Modular inverse of 4 (mod 37): 28
Modular inverse of 5 (mod 37): 15
Modular inverse of 6 (mod 37): 31
Modular inverse of 7 (mod 37): 16
Modular inverse of 8 (mod 37): 14
