Error: File "tests/t19.in": No entry point found in the file. Define the entry point with the function main defined as follows:

int main() {
	...
	return 0
}
.