Error: File "tests/t2.in": Cannot perform binary operation of types int and float.