Error: File "tests/t3.in": Cannot perform the operation "+" on type int -> int.